// Jest Snapshot v1, https://goo.gl/fbAQLP

exports[`<CardList /> expect to render CardList 1`] = `"<ErrorBoundary />"`;
