// Jest Snapshot v1, https://goo.gl/fbAQLP

exports[`Snapshot test for <Card /> 1`] = `
"<div className=\\"tc bg-light-green dib br3 ma2 pa3 grow bw2 shadow-5\\">
  <img src=\\"https://robohash.org/undefined?size=200x200\\" alt={[undefined]} />
  <div>
    <h2 />
    <p />
  </div>
</div>"
`;
