// Jest Snapshot v1, https://goo.gl/fbAQLP

exports[`<Scrollable /> Snapshot Test for Scrollable 1`] = `"<div style={{...}} />"`;
